RUN D_sunk
[D_sunk] 1/365 2025-01-01 SOC=6000.0->10800.0 B=87405.3 A=93195.0 emg=14417.2
[D_sunk] 32/365 2025-02-01 SOC=10780.4->8172.2 B=43396.4 A=43396.4 emg=0.0
[D_sunk] 63/365 2025-03-04 SOC=6699.9->7303.0 B=72130.9 A=72913.7 emg=2.3
[D_sunk] 94/365 2025-04-04 SOC=4600.5->7585.4 B=36980.5 A=37009.4 emg=0.0
[D_sunk] 125/365 2025-05-05 SOC=2948.2->5514.5 B=62966.0 A=62966.0 emg=773.8
[D_sunk] 156/365 2025-06-05 SOC=6032.6->2567.5 B=70842.8 A=71192.3 emg=2117.7
[D_sunk] 187/365 2025-07-06 SOC=6039.4->3654.0 B=61115.2 A=68258.2 emg=10420.5
[D_sunk] 218/365 2025-08-06 SOC=7699.0->7652.1 B=79864.7 A=79864.7 emg=50.1
[D_sunk] 249/365 2025-09-06 SOC=9227.3->9096.6 B=33498.0 A=33498.0 emg=0.0
[D_sunk] 280/365 2025-10-07 SOC=5589.8->6413.8 B=64107.2 A=64175.1 emg=41.6
[D_sunk] 311/365 2025-11-07 SOC=5720.8->9817.5 B=50374.4 A=50374.4 emg=0.0
[D_sunk] 342/365 2025-12-08 SOC=5645.4->7653.6 B=102261.4 A=102261.4 emg=0.0
[D_sunk] 365/365 2025-12-31 SOC=7657.5->7510.0 B=98372.8 A=98372.8 emg=122.9
{
  "name": "D_sunk",
  "mode": "sunk",
  "total_cost_yuan": 15322905.191214416,
  "regular_cost_yuan": 13409925.44868618,
  "emergency_cost_yuan": 1912979.7425282346,
  "emergency_kwh": 376096.12933121726,
  "soc_min_kwh": 1200.0,
  "soc_max_kwh": 10800.0,
  "changed_slot_count_formal": 2250,
  "adjusted_event_count_formal": 270,
  "runtime_seconds": 2049.4816448688507
}
