RUN D_stepwise
[D_stepwise] 1/365 2025-01-01 SOC=6000.0->10800.0 B=87405.3 A=93195.0 emg=14417.2
[D_stepwise] 32/365 2025-02-01 SOC=10780.4->8172.2 B=43396.4 A=41145.2 emg=0.0
[D_stepwise] 63/365 2025-03-04 SOC=6699.9->7303.0 B=72130.9 A=72895.6 emg=2.3
[D_stepwise] 94/365 2025-04-04 SOC=4600.5->7585.4 B=36980.5 A=37009.4 emg=0.0
[D_stepwise] 125/365 2025-05-05 SOC=2901.2->5514.5 B=63015.6 A=62228.7 emg=773.8
[D_stepwise] 156/365 2025-06-05 SOC=5081.6->2567.5 B=71845.3 A=70585.1 emg=2117.7
[D_stepwise] 187/365 2025-07-06 SOC=5814.0->3654.0 B=61352.8 A=69648.0 emg=9438.9
[D_stepwise] 218/365 2025-08-06 SOC=7699.0->7605.8 B=79864.7 A=77892.7 emg=50.1
[D_stepwise] 249/365 2025-09-06 SOC=9227.3->9096.6 B=33498.0 A=33498.0 emg=0.0
[D_stepwise] 280/365 2025-10-07 SOC=5589.8->6413.8 B=64107.2 A=63158.0 emg=41.6
[D_stepwise] 311/365 2025-11-07 SOC=5720.8->9676.7 B=50374.4 A=48341.9 emg=0.0
[D_stepwise] 342/365 2025-12-08 SOC=4649.1->7653.3 B=103311.7 A=98866.3 emg=0.0
[D_stepwise] 365/365 2025-12-31 SOC=7657.3->7509.7 B=98373.0 A=96096.3 emg=122.9
{
  "name": "D_stepwise",
  "mode": "stepwise",
  "total_cost_yuan": 15260948.029974323,
  "regular_cost_yuan": 13323184.53004364,
  "emergency_cost_yuan": 1937763.4999306856,
  "emergency_kwh": 381000.7987626878,
  "soc_min_kwh": 1200.0,
  "soc_max_kwh": 10800.0,
  "changed_slot_count_formal": 4629,
  "adjusted_event_count_formal": 623,
  "runtime_seconds": 2049.5082433223724
}
