JAN terminal 0.25
JAN terminal 0.45
JAN terminal 0.75
{
  "protocol": {
    "selection": "7-day load seasonal-naive selected using January only; formal period is report-only; K=3/scenario settings remain predeclared and are not retuned on formal period",
    "formal_period": "2025-02-01..2025-12-31",
    "no_formal_retuning": true
  },
  "load_forecast": {
    "january_selection": {
      "legacy_robust_history": {
        "MAE_kwh": 81.67328919813369,
        "RMSE_kwh": 139.82437918030467,
        "n": 3456
      },
      "seasonal_naive_7d": {
        "MAE_kwh": 23.880509900655866,
        "RMSE_kwh": 29.811320531156912,
        "n": 3456
      }
    },
    "formal_generalization": {
      "legacy_robust_history": {
        "MAE_kwh": 82.49462052106723,
        "RMSE_kwh": 138.6200595582168,
        "n": 48096
      },
      "seasonal_naive_7d": {
        "MAE_kwh": 29.465218956184852,
        "RMSE_kwh": 40.713597619624416,
        "n": 48096
      }
    }
  },
  "scenario_structure": {
    "K1_max_point_error_kwh": 0.0,
    "representative_K3": [
      {
        "date": "2025-03-20",
        "event_hour": 0,
        "weights": [
          0.3333333333333333,
          0.3333333333333333,
          0.3333333333333333
        ],
        "weight_sum": 1.0,
        "clip_rate": 0.0,
        "source_days": [
          33,
          21,
          29
        ]
      },
      {
        "date": "2025-03-20",
        "event_hour": 6,
        "weights": [
          0.3333333333333333,
          0.3333333333333333,
          0.3333333333333333
        ],
        "weight_sum": 1.0,
        "clip_rate": 0.0,
        "source_days": [
          76,
          46,
          70
        ]
      },
      {
        "date": "2025-03-20",
        "event_hour": 12,
        "weights": [
          0.3333333333333333,
          0.3333333333333333,
          0.3333333333333333
        ],
        "weight_sum": 1.0,
        "clip_rate": 0.0,
        "source_days": [
          40,
          66,
          43
        ]
      },
      {
        "date": "2025-03-20",
        "event_hour": 18,
        "weights": [
          0.3333333333333333,
          0.3333333333333333,
          0.3333333333333333
        ],
        "weight_sum": 1.0,
        "clip_rate": 0.0,
        "source_days": [
          48,
          63,
          71
        ]
      },
      {
        "date": "2025-06-21",
        "event_hour": 0,
        "weights": [
          0.3333333333333333,
          0.3333333333333333,
          0.3333333333333333
        ],
        "weight_sum": 1.0,
        "clip_rate": 0.0,
        "source_days": [
          118,
          116,
          126
        ]
      },
      {
        "date": "2025-06-21",
        "event_hour": 6,
        "weights": [
          0.3333333333333333,
          0.3333333333333333,
          0.3333333333333333
        ],
        "weight_sum": 1.0,
        "clip_rate": 0.0,
        "source_days": [
          129,
          135,
          122
        ]
      },
      {
        "date": "2025-06-21",
        "event_hour": 12,
        "weights": [
          0.3333333333333333,
          0.3333333333333333,
          0.3333333333333333
        ],
        "weight_sum": 1.0,
        "clip_rate": 0.0,
        "source_days": [
          114,
          129,
          124
        ]
      },
      {
        "date": "2025-06-21",
        "event_hour": 18,
        "weights": [
          0.3333333333333333,
          0.3333333333333333,
          0.3333333333333333
        ],
        "weight_sum": 1.0,
        "clip_rate": 0.0,
        "source_days": [
          114,
          115,
          119
        ]
      },
      {
        "date": "2025-09-23",
        "event_hour": 0,
        "weights": [
          0.3333333333333333,
          0.3333333333333333,
          0.3333333333333333
        ],
        "weight_sum": 1.0,
        "clip_rate": 0.0,
        "source_days": [
          220,
          212,
          214
        ]
      },
      {
        "date": "2025-09-23",
        "event_hour": 6,
        "weights": [
          0.3333333333333333,
          0.3333333333333333,
          0.3333333333333333
        ],
        "weight_sum": 1.0,
        "clip_rate": 0.0,
        "source_days": [
          263,
          250,
          257
        ]
      },
      {
        "date": "2025-09-23",
        "event_hour": 12,
        "weights": [
          0.3333333333333333,
          0.3333333333333333,
          0.3333333333333333
        ],
        "weight_sum": 1.0,
        "clip_rate": 0.0,
        "source_days": [
          221,
          223,
          208
        ]
      },
      {
        "date": "2025-09-23",
        "event_hour": 18,
        "weights": [
          0.3333333333333333,
          0.3333333333333333,
          0.3333333333333333
        ],
        "weight_sum": 1.0,
        "clip_rate": 0.0,
        "source_days": [
          210,
          236,
          238
        ]
      },
      {
        "date": "2025-12-21",
        "event_hour": 0,
        "weights": [
          0.3333333333333333,
          0.3333333333333333,
          0.3333333333333333
        ],
        "weight_sum": 1.0,
        "clip_rate": 0.0,
        "source_days": [
          306,
          307,
          299
        ]
      },
      {
        "date": "2025-12-21",
        "event_hour": 6,
        "weights": [
          0.3333333333333333,
          0.3333333333333333,
          0.3333333333333333
        ],
        "weight_sum": 1.0,
        "clip_rate": 0.0,
        "source_days": [
          301,
          349,
          302
        ]
      },
      {
        "date": "2025-12-21",
        "event_hour": 12,
        "weights": [
          0.3333333333333333,
          0.3333333333333333,
          0.3333333333333333
        ],
        "weight_sum": 1.0,
        "clip_rate": 0.0,
        "source_days": [
          337,
          348,
          312
        ]
      },
      {
        "date": "2025-12-21",
        "event_hour": 18,
        "weights": [
          0.3333333333333333,
          0.3333333333333333,
          0.3333333333333333
        ],
        "weight_sum": 1.0,
        "clip_rate": 0.0,
        "source_days": [
          348,
          326,
          328
        ]
      }
    ],
    "max_weight_sum_error": 0.0,
    "max_clip_rate": 0.0
  },
  "full_year_realized_policy_sensitivity": {
    "D_no6": {
      "execution_mode": "measured_current_mpc",
      "measurement_model": "ideal_piecewise_constant_current_slot",
      "curtail_semantics": "pv_only",
      "grid_import_kwh": 20684432.821232535,
      "unused_contract_kwh": 3878126.9406042965,
      "supply_surplus_kwh": 6446050.117885662,
      "battery_dump_kwh": 0.0,
      "name": "D_no6",
      "use_new_vintage": true,
      "allow_revision": true,
      "scenario_count": 3,
      "disabled_vintage_hours": [
        6
      ],
      "down_settlement": "cancel_settlement",
      "formal_days": 334,
      "total_cost_yuan": 19981152.824415416,
      "regular_cost_yuan": 19425189.11071107,
      "emergency_cost_yuan": 555963.7137043478,
      "planned_B_kwh": 19766358.48379412,
      "final_A_kwh": 24562730.273503494,
      "down_adjust_kwh": 236926.77445550237,
      "up_adjust_kwh": 5033298.564164879,
      "charge_kwh": 3045264.086707347,
      "discharge_kwh": 2741167.733509426,
      "emergency_kwh": 126540.50088008573,
      "curtail_kwh": 2567923.1772813657,
      "soc_min_kwh": 1200.0,
      "soc_max_kwh": 10800.0,
      "max_soc_continuity_error_kwh": 0.0,
      "event_count_total": 1460,
      "warmup_event_count": 124,
      "formal_event_count": 1336,
      "changed_slot_count_total": 41322,
      "warmup_changed_slot_count": 3706,
      "formal_changed_slot_count": 37616,
      "warmup_adjusted_event_count": 93,
      "formal_adjusted_event_count": 1002,
      "formal_adjusted_event_rate": 1.0,
      "dispatch_count_total": 52559,
      "warmup_dispatch_count": 4463,
      "formal_dispatch_count": 48096,
      "solver_max_eq_residual": 5.4569682106375694e-12,
      "solver_max_ub_violation": 3.801403636316536e-12,
      "max_tree_nodes": 9,
      "max_scenarios": 3,
      "scenario_weight_sum_max_error": 2.220446049250313e-16,
      "scenario_clip_rate_mean": 0.0,
      "scenario_clip_rate_max": 0.0,
      "terminal_shortfall_binding_event_count": 1418,
      "terminal_shortfall_binding_event_rate": 0.9712328767123287,
      "terminal_shortfall_expected_kwh_mean": 1610.5743608575049,
      "runtime_seconds": 138.3244390487671,
      "delta_vs_D_yuan": -116587.28641864657
    },
    "D_no12": {
      "execution_mode": "measured_current_mpc",
      "measurement_model": "ideal_piecewise_constant_current_slot",
      "curtail_semantics": "pv_only",
      "grid_import_kwh": 20659834.478982545,
      "unused_contract_kwh": 3910868.9207591927,
      "supply_surplus_kwh": 6432979.194027925,
      "battery_dump_kwh": 0.0,
      "name": "D_no12",
      "use_new_vintage": true,
      "allow_revision": true,
      "scenario_count": 3,
      "disabled_vintage_hours": [
        12
      ],
      "down_settlement": "cancel_settlement",
      "formal_days": 334,
      "total_cost_yuan": 19796047.737347953,
      "regular_cost_yuan": 19273723.66714415,
      "emergency_cost_yuan": 522324.0702038016,
      "planned_B_kwh": 19766410.40191661,
      "final_A_kwh": 24570873.91140841,
      "down_adjust_kwh": 219029.75915287522,
      "up_adjust_kwh": 5023493.268644676,
      "charge_kwh": 3185765.6589104882,
      "discharge_kwh": 2867458.0175820678,
      "emergency_kwh": 119537.22724793672,
      "curtail_kwh": 2522110.2732687322,
      "soc_min_kwh": 1200.0,
      "soc_max_kwh": 10768.978468484625,
      "max_soc_continuity_error_kwh": 0.0,
      "event_count_total": 1460,
      "warmup_event_count": 124,
      "formal_event_count": 1336,
      "changed_slot_count_total": 41568,
      "warmup_changed_slot_count": 3755,
      "formal_changed_slot_count": 37813,
      "warmup_adjusted_event_count": 93,
      "formal_adjusted_event_count": 1002,
      "formal_adjusted_event_rate": 1.0,
      "dispatch_count_total": 52559,
      "warmup_dispatch_count": 4463,
      "formal_dispatch_count": 48096,
      "solver_max_eq_residual": 5.4569682106375694e-12,
      "solver_max_ub_violation": 3.410605131648481e-12,
      "max_tree_nodes": 9,
      "max_scenarios": 3,
      "scenario_weight_sum_max_error": 2.220446049250313e-16,
      "scenario_clip_rate_mean": 0.0,
      "scenario_clip_rate_max": 0.0,
      "terminal_shortfall_binding_event_count": 1405,
      "terminal_shortfall_binding_event_rate": 0.9623287671232876,
      "terminal_shortfall_expected_kwh_mean": 1555.8678378031143,
      "runtime_seconds": 141.59553599357605,
      "delta_vs_D_yuan": -301692.3734861091
    },
    "D_no18": {
      "execution_mode": "measured_current_mpc",
      "measurement_model": "ideal_piecewise_constant_current_slot",
      "curtail_semantics": "pv_only",
      "grid_import_kwh": 20704922.811358474,
      "unused_contract_kwh": 3987963.356420644,
      "supply_surplus_kwh": 6575283.009967817,
      "battery_dump_kwh": 0.0,
      "name": "D_no18",
      "use_new_vintage": true,
      "allow_revision": true,
      "scenario_count": 3,
      "disabled_vintage_hours": [
        18
      ],
      "down_settlement": "cancel_settlement",
      "formal_days": 334,
      "total_cost_yuan": 20112373.10717541,
      "regular_cost_yuan": 19622041.983914323,
      "emergency_cost_yuan": 490331.12326109153,
      "planned_B_kwh": 19770938.95612222,
      "final_A_kwh": 24693056.67944579,
      "down_adjust_kwh": 228146.23794579384,
      "up_adjust_kwh": 5150263.961269362,
      "charge_kwh": 2953434.6962831253,
      "discharge_kwh": 2658335.941264507,
      "emergency_kwh": 116449.388840647,
      "curtail_kwh": 2587319.653547173,
      "soc_min_kwh": 1200.0,
      "soc_max_kwh": 10768.978468484625,
      "max_soc_continuity_error_kwh": 0.0,
      "event_count_total": 1460,
      "warmup_event_count": 124,
      "formal_event_count": 1336,
      "changed_slot_count_total": 41803,
      "warmup_changed_slot_count": 3768,
      "formal_changed_slot_count": 38035,
      "warmup_adjusted_event_count": 93,
      "formal_adjusted_event_count": 1002,
      "formal_adjusted_event_rate": 1.0,
      "dispatch_count_total": 52559,
      "warmup_dispatch_count": 4463,
      "formal_dispatch_count": 48096,
      "solver_max_eq_residual": 5.4569682106375694e-12,
      "solver_max_ub_violation": 4.149569576838985e-12,
      "max_tree_nodes": 9,
      "max_scenarios": 3,
      "scenario_weight_sum_max_error": 2.220446049250313e-16,
      "scenario_clip_rate_mean": 0.0,
      "scenario_clip_rate_max": 0.0,
      "terminal_shortfall_binding_event_count": 1402,
      "terminal_shortfall_binding_event_rate": 0.9602739726027397,
      "terminal_shortfall_expected_kwh_mean": 1436.7652084852234,
      "runtime_seconds": 143.21258187294006,
      "delta_vs_D_yuan": 14632.996341347694
    },
    "D_K5": {
      "execution_mode": "measured_current_mpc",
      "measurement_model": "ideal_piecewise_constant_current_slot",
      "curtail_semantics": "pv_only",
      "grid_import_kwh": 20693187.461154778,
      "unused_contract_kwh": 3965913.9568906976,
      "supply_surplus_kwh": 6561544.433316853,
      "battery_dump_kwh": 0.0,
      "name": "D_K5",
      "use_new_vintage": true,
      "allow_revision": true,
      "scenario_count": 5,
      "disabled_vintage_hours": [],
      "down_settlement": "cancel_settlement",
      "formal_days": 334,
      "total_cost_yuan": 20038610.354367234,
      "regular_cost_yuan": 19452210.137770705,
      "emergency_cost_yuan": 586400.2165965363,
      "planned_B_kwh": 20090605.560696483,
      "final_A_kwh": 24659212.119381852,
      "down_adjust_kwh": 251768.92099425403,
      "up_adjust_kwh": 4820375.479679622,
      "charge_kwh": 2928701.426199254,
      "discharge_kwh": 2636097.556768442,
      "emergency_kwh": 134000.67633552398,
      "curtail_kwh": 2595630.4764261553,
      "soc_min_kwh": 1200.0,
      "soc_max_kwh": 10492.666870796445,
      "max_soc_continuity_error_kwh": 0.0,
      "event_count_total": 1460,
      "warmup_event_count": 124,
      "formal_event_count": 1336,
      "changed_slot_count_total": 41810,
      "warmup_changed_slot_count": 3765,
      "formal_changed_slot_count": 38045,
      "warmup_adjusted_event_count": 93,
      "formal_adjusted_event_count": 1002,
      "formal_adjusted_event_rate": 1.0,
      "dispatch_count_total": 52559,
      "warmup_dispatch_count": 4463,
      "formal_dispatch_count": 48096,
      "solver_max_eq_residual": 1.2732925824820995e-11,
      "solver_max_ub_violation": 4.11404244005098e-12,
      "max_tree_nodes": 12,
      "max_scenarios": 5,
      "scenario_weight_sum_max_error": 2.220446049250313e-16,
      "scenario_clip_rate_mean": 0.0,
      "scenario_clip_rate_max": 0.0,
      "terminal_shortfall_binding_event_count": 1415,
      "terminal_shortfall_binding_event_rate": 0.9691780821917808,
      "terminal_shortfall_expected_kwh_mean": 1398.7626526071645,
      "runtime_seconds": 184.18305683135986,
      "delta_vs_D_yuan": -59129.75646682829
    }
  },
  "scenario_count": {
    "K1_point": {
      "execution_mode": "measured_current_mpc",
      "measurement_model": "ideal_piecewise_constant_current_slot",
      "curtail_semantics": "pv_only",
      "grid_import_kwh": 20528327.491586313,
      "unused_contract_kwh": 3307190.8844333803,
      "supply_surplus_kwh": 5798646.1074764365,
      "battery_dump_kwh": 0.0,
      "name": "D_point",
      "use_new_vintage": true,
      "allow_revision": true,
      "scenario_count": 1,
      "disabled_vintage_hours": [],
      "down_settlement": "cancel_settlement",
      "formal_days": 334,
      "total_cost_yuan": 19522924.67358819,
      "regular_cost_yuan": 18366520.783635817,
      "emergency_cost_yuan": 1156403.8899523779,
      "planned_B_kwh": 19821032.649140704,
      "final_A_kwh": 23835661.162686363,
      "down_adjust_kwh": 328848.3606472211,
      "up_adjust_kwh": 4343476.874192879,
      "charge_kwh": 3393223.06005925,
      "discharge_kwh": 3054107.8586547924,
      "emergency_kwh": 241196.72449453123,
      "curtail_kwh": 2491455.223043056,
      "soc_min_kwh": 1200.0,
      "soc_max_kwh": 10709.278159327981,
      "max_soc_continuity_error_kwh": 0.0,
      "event_count_total": 1460,
      "warmup_event_count": 124,
      "formal_event_count": 1336,
      "changed_slot_count_total": 41183,
      "warmup_changed_slot_count": 3736,
      "formal_changed_slot_count": 37447,
      "warmup_adjusted_event_count": 93,
      "formal_adjusted_event_count": 1002,
      "formal_adjusted_event_rate": 1.0,
      "dispatch_count_total": 52559,
      "warmup_dispatch_count": 4463,
      "formal_dispatch_count": 48096,
      "solver_max_eq_residual": 1.8189894035458565e-12,
      "solver_max_ub_violation": 9.094947017729282e-13,
      "max_tree_nodes": 4,
      "max_scenarios": 1,
      "scenario_weight_sum_max_error": 0.0,
      "scenario_clip_rate_mean": 0.0,
      "scenario_clip_rate_max": 0.0,
      "terminal_shortfall_binding_event_count": 1088,
      "terminal_shortfall_binding_event_rate": 0.7452054794520548,
      "terminal_shortfall_expected_kwh_mean": 1911.228044265147,
      "runtime_seconds": 113.48120641708374
    },
    "K3_main": {
      "execution_mode": "measured_current_mpc",
      "measurement_model": "ideal_piecewise_constant_current_slot",
      "curtail_semantics": "pv_only",
      "grid_import_kwh": 20706478.806447838,
      "unused_contract_kwh": 3960730.8149105925,
      "supply_surplus_kwh": 6548011.407316495,
      "battery_dump_kwh": 0.0,
      "name": "D",
      "use_new_vintage": true,
      "allow_revision": true,
      "scenario_count": 3,
      "disabled_vintage_hours": [],
      "down_settlement": "cancel_settlement",
      "formal_days": 334,
      "total_cost_yuan": 20097740.110834062,
      "regular_cost_yuan": 19601656.84509088,
      "emergency_cost_yuan": 496083.2657431768,
      "planned_B_kwh": 19767446.48419203,
      "final_A_kwh": 24667380.133025095,
      "down_adjust_kwh": 228191.73870116612,
      "up_adjust_kwh": 5128125.387534237,
      "charge_kwh": 2960007.359703129,
      "discharge_kwh": 2664298.625297391,
      "emergency_kwh": 115464.3119971349,
      "curtail_kwh": 2587280.5924059013,
      "soc_min_kwh": 1200.0,
      "soc_max_kwh": 10768.978468484624,
      "max_soc_continuity_error_kwh": 0.0,
      "event_count_total": 1460,
      "warmup_event_count": 124,
      "formal_event_count": 1336,
      "changed_slot_count_total": 41793,
      "warmup_changed_slot_count": 3768,
      "formal_changed_slot_count": 38025,
      "warmup_adjusted_event_count": 93,
      "formal_adjusted_event_count": 1002,
      "formal_adjusted_event_rate": 1.0,
      "dispatch_count_total": 52559,
      "warmup_dispatch_count": 4463,
      "formal_dispatch_count": 48096,
      "solver_max_eq_residual": 5.4569682106375694e-12,
      "solver_max_ub_violation": 3.609557097661309e-12,
      "max_tree_nodes": 9,
      "max_scenarios": 3,
      "scenario_weight_sum_max_error": 2.220446049250313e-16,
      "scenario_clip_rate_mean": 0.0,
      "scenario_clip_rate_max": 0.0,
      "terminal_shortfall_binding_event_count": 1411,
      "terminal_shortfall_binding_event_rate": 0.9664383561643836,
      "terminal_shortfall_expected_kwh_mean": 1424.1488376439092,
      "runtime_seconds": 142.7900083065033
    },
    "K5": {
      "execution_mode": "measured_current_mpc",
      "measurement_model": "ideal_piecewise_constant_current_slot",
      "curtail_semantics": "pv_only",
      "grid_import_kwh": 20693187.461154778,
      "unused_contract_kwh": 3965913.9568906976,
      "supply_surplus_kwh": 6561544.433316853,
      "battery_dump_kwh": 0.0,
      "name": "D_K5",
      "use_new_vintage": true,
      "allow_revision": true,
      "scenario_count": 5,
      "disabled_vintage_hours": [],
      "down_settlement": "cancel_settlement",
      "formal_days": 334,
      "total_cost_yuan": 20038610.354367234,
      "regular_cost_yuan": 19452210.137770705,
      "emergency_cost_yuan": 586400.2165965363,
      "planned_B_kwh": 20090605.560696483,
      "final_A_kwh": 24659212.119381852,
      "down_adjust_kwh": 251768.92099425403,
      "up_adjust_kwh": 4820375.479679622,
      "charge_kwh": 2928701.426199254,
      "discharge_kwh": 2636097.556768442,
      "emergency_kwh": 134000.67633552398,
      "curtail_kwh": 2595630.4764261553,
      "soc_min_kwh": 1200.0,
      "soc_max_kwh": 10492.666870796445,
      "max_soc_continuity_error_kwh": 0.0,
      "event_count_total": 1460,
      "warmup_event_count": 124,
      "formal_event_count": 1336,
      "changed_slot_count_total": 41810,
      "warmup_changed_slot_count": 3765,
      "formal_changed_slot_count": 38045,
      "warmup_adjusted_event_count": 93,
      "formal_adjusted_event_count": 1002,
      "formal_adjusted_event_rate": 1.0,
      "dispatch_count_total": 52559,
      "warmup_dispatch_count": 4463,
      "formal_dispatch_count": 48096,
      "solver_max_eq_residual": 1.2732925824820995e-11,
      "solver_max_ub_violation": 4.11404244005098e-12,
      "max_tree_nodes": 12,
      "max_scenarios": 5,
      "scenario_weight_sum_max_error": 2.220446049250313e-16,
      "scenario_clip_rate_mean": 0.0,
      "scenario_clip_rate_max": 0.0,
      "terminal_shortfall_binding_event_count": 1415,
      "terminal_shortfall_binding_event_rate": 0.9691780821917808,
      "terminal_shortfall_expected_kwh_mean": 1398.7626526071645,
      "runtime_seconds": 184.18305683135986,
      "delta_vs_D_yuan": -59129.75646682829
    },
    "interpretation": "formal-period realized-policy stability only; K=3 was predeclared and is not selected by these formal results; not theoretical VSS/VOI"
  },
  "terminal_value_january_only": {
    "0.25": {
      "jan_total_cost_yuan": 2405682.041431015,
      "jan_emergency_kwh": 28251.048908299283,
      "jan_soc_end_kwh": 1612.8703031027721,
      "terminal_binding_event_rate": 0.967741935483871,
      "runtime_seconds": 9.092844009399414
    },
    "0.45": {
      "jan_total_cost_yuan": 2401557.8531575254,
      "jan_emergency_kwh": 25529.592801820592,
      "jan_soc_end_kwh": 1633.2873991408042,
      "terminal_binding_event_rate": 0.9354838709677419,
      "runtime_seconds": 8.827592372894287
    },
    "0.75": {
      "jan_total_cost_yuan": 2416232.8996144403,
      "jan_emergency_kwh": 24247.23032875845,
      "jan_soc_end_kwh": 1546.570637711301,
      "terminal_binding_event_rate": 0.4274193548387097,
      "runtime_seconds": 8.41147756576538
    }
  }
}
