{
  "all_pass": true,
  "pass_count": 15,
  "check_count": 15,
  "checks": {
    "base_validation_all_pass": "PASS",
    "factorial_A_finite": "PASS",
    "factorial_B_finite": "PASS",
    "factorial_C_finite": "PASS",
    "factorial_D_finite": "PASS",
    "semantic_sunk_full_run": "PASS",
    "semantic_stepwise_full_run": "PASS",
    "semantic_revision_time_nonconvex_milp": "PASS",
    "marginal_deadzone_direction_consistency": "PASS",
    "figures_complete": "PASS",
    "paper_material_complete": "PASS",
    "result3_exists": "PASS",
    "final_cost_identity": "PASS",
    "physical_matrix_all_11_pass": "PASS",
    "physical_targeted_regressions_pass": "PASS"
  },
  "evidence": {
    "base_validation_all_pass": {
      "pass_count": 36,
      "check_count": 36
    },
    "factorial_A_finite": 31904641.11414478,
    "factorial_B_finite": 32294150.592298966,
    "factorial_C_finite": 19590852.52772674,
    "factorial_D_finite": 20097740.110834062,
    "semantic_sunk_full_run": 19887258.03952366,
    "semantic_stepwise_full_run": 20146384.833388995,
    "semantic_revision_time_nonconvex_milp": {
      "rows": 4,
      "nonconvex_slots": [
        7,
        7,
        7,
        7
      ],
      "statuses": [
        "Optimization terminated successfully. (HiGHS Status 7: Optimal)",
        "Optimization terminated successfully. (HiGHS Status 7: Optimal)",
        "Optimization terminated successfully. (HiGHS Status 7: Optimal)",
        "Optimization terminated successfully. (HiGHS Status 7: Optimal)"
      ]
    },
    "marginal_deadzone_direction_consistency": {
      "match": 8,
      "rows": 8
    },
    "figures_complete": {
      "fig_q3_typical_day.png": 186732,
      "fig_q3_factorial_abcd.png": 62386,
      "fig_q3_fee_decomposition.png": 51773,
      "fig_q3_representative_days.png": 498865,
      "fig_q3_marginal_deadzone.png": 160216,
      "fig_q3_semantic_robustness.png": 71827
    },
    "paper_material_complete": {
      "bytes": 12063
    },
    "result3_exists": {
      "bytes": 986521
    },
    "final_cost_identity": {
      "metrics_D": 20097740.110834062,
      "five_ledger": 20097740.110834084,
      "diff": 2.2351741790771484e-08
    },
    "physical_matrix_all_11_pass": {
      "pass": 176,
      "count": 176
    },
    "physical_targeted_regressions_pass": {
      "tests": 12,
      "failures_or_errors": 0
    }
  },
  "artifact_hashes": {
    "result3_sha256": "ef85dd76b9d7083242061d535b69983ed0b048aaa32d57a1f4ee8a956b7be267",
    "paper_sha256": "1e579ea587ff94797e36b4010fcc8aa1de63b2d44030a164f7039d1fe75b6adc",
    "metrics_final_sha256": "d3c6313c927cf54f446d0c9cf77b1567d5afff98587276f3ff8c7527bea32b24"
  }
}
