{
  "A": {
    "execution_mode": "q2_reserve_feedback",
    "measurement_model": "ideal_piecewise_constant_current_slot",
    "curtail_semantics": "pv_only",
    "grid_import_kwh": 19597588.735664614,
    "unused_contract_kwh": 1012025.136342948,
    "supply_surplus_kwh": 2685875.1669253353,
    "battery_dump_kwh": 0.0,
    "name": "A",
    "use_new_vintage": false,
    "allow_revision": false,
    "scenario_count": 9,
    "disabled_vintage_hours": [],
    "down_settlement": "cancel_settlement",
    "formal_days": 334,
    "total_cost_yuan": 15933557.407928225,
    "regular_cost_yuan": 12940544.060167473,
    "emergency_cost_yuan": 2993013.3477607504,
    "planned_B_kwh": 20609692.806090895,
    "final_A_kwh": 20609692.806090895,
    "down_adjust_kwh": 0.0,
    "up_adjust_kwh": 0.0,
    "charge_kwh": 5532824.430521867,
    "discharge_kwh": 4983031.072681347,
    "emergency_kwh": 565008.4443916262,
    "curtail_kwh": 1673850.0305823877,
    "soc_min_kwh": 1200.0,
    "soc_max_kwh": 10800.0,
    "max_soc_continuity_error_kwh": 0.0,
    "event_count_total": 1460,
    "warmup_event_count": 124,
    "formal_event_count": 1336,
    "changed_slot_count_total": 0,
    "warmup_changed_slot_count": 0,
    "formal_changed_slot_count": 0,
    "warmup_adjusted_event_count": 0,
    "formal_adjusted_event_count": 0,
    "formal_adjusted_event_rate": 0.0,
    "dispatch_count_total": 52559,
    "warmup_dispatch_count": 4463,
    "formal_dispatch_count": 48096,
    "solver_max_eq_residual": 2.7284841053187847e-12,
    "solver_max_ub_violation": 2.9103830456733704e-11,
    "max_tree_nodes": 1,
    "max_scenarios": 9,
    "scenario_weight_sum_max_error": 2.220446049250313e-16,
    "scenario_clip_rate_mean": 0.0,
    "scenario_clip_rate_max": 0.0,
    "terminal_shortfall_binding_event_count": 0,
    "terminal_shortfall_binding_event_rate": 0.0,
    "terminal_shortfall_expected_kwh_mean": 0.0,
    "runtime_seconds": 64.2788188457489
  },
  "B": {
    "execution_mode": "q2_reserve_feedback",
    "measurement_model": "ideal_piecewise_constant_current_slot",
    "curtail_semantics": "pv_only",
    "grid_import_kwh": 19721209.490227178,
    "unused_contract_kwh": 1353064.0731329853,
    "supply_surplus_kwh": 3056511.638401371,
    "battery_dump_kwh": 0.0,
    "name": "B",
    "use_new_vintage": true,
    "allow_revision": false,
    "scenario_count": 9,
    "disabled_vintage_hours": [],
    "down_settlement": "cancel_settlement",
    "formal_days": 334,
    "total_cost_yuan": 15709709.724760894,
    "regular_cost_yuan": 13253276.279007355,
    "emergency_cost_yuan": 2456433.4457535413,
    "planned_B_kwh": 21074342.72090183,
    "final_A_kwh": 21074342.72090183,
    "down_adjust_kwh": 0.0,
    "up_adjust_kwh": 0.0,
    "charge_kwh": 5556358.4388122335,
    "discharge_kwh": 5003825.169838678,
    "emergency_kwh": 473725.13564809784,
    "curtail_kwh": 1703447.565268386,
    "soc_min_kwh": 1200.0,
    "soc_max_kwh": 10800.0,
    "max_soc_continuity_error_kwh": 0.0,
    "event_count_total": 1460,
    "warmup_event_count": 124,
    "formal_event_count": 1336,
    "changed_slot_count_total": 0,
    "warmup_changed_slot_count": 0,
    "formal_changed_slot_count": 0,
    "warmup_adjusted_event_count": 0,
    "formal_adjusted_event_count": 0,
    "formal_adjusted_event_rate": 0.0,
    "dispatch_count_total": 52559,
    "warmup_dispatch_count": 4463,
    "formal_dispatch_count": 48096,
    "solver_max_eq_residual": 5.4569682106375694e-12,
    "solver_max_ub_violation": 5.820766091346741e-11,
    "max_tree_nodes": 1,
    "max_scenarios": 9,
    "scenario_weight_sum_max_error": 2.220446049250313e-16,
    "scenario_clip_rate_mean": 0.0,
    "scenario_clip_rate_max": 0.0,
    "terminal_shortfall_binding_event_count": 0,
    "terminal_shortfall_binding_event_rate": 0.0,
    "terminal_shortfall_expected_kwh_mean": 0.0,
    "runtime_seconds": 753.1754953861237
  },
  "C": {
    "execution_mode": "q2_reserve_feedback",
    "measurement_model": "ideal_piecewise_constant_current_slot",
    "curtail_semantics": "pv_only",
    "grid_import_kwh": 19719793.33479002,
    "unused_contract_kwh": 800947.5432301657,
    "supply_surplus_kwh": 2439185.7844794467,
    "battery_dump_kwh": 0.0,
    "name": "C",
    "use_new_vintage": false,
    "allow_revision": true,
    "scenario_count": 9,
    "disabled_vintage_hours": [],
    "down_settlement": "cancel_settlement",
    "formal_days": 334,
    "total_cost_yuan": 15168153.75625911,
    "regular_cost_yuan": 13075242.676395332,
    "emergency_cost_yuan": 2092911.0798637765,
    "planned_B_kwh": 20652562.188710347,
    "final_A_kwh": 20520819.81210352,
    "down_adjust_kwh": 263904.97387041524,
    "up_adjust_kwh": 132162.59726358778,
    "charge_kwh": 5616486.514348221,
    "discharge_kwh": 5058249.088995898,
    "emergency_kwh": 415636.12344491325,
    "curtail_kwh": 1638238.2412492807,
    "soc_min_kwh": 1200.0,
    "soc_max_kwh": 10800.0,
    "max_soc_continuity_error_kwh": 0.0,
    "event_count_total": 1460,
    "warmup_event_count": 124,
    "formal_event_count": 1336,
    "changed_slot_count_total": 1392,
    "warmup_changed_slot_count": 145,
    "formal_changed_slot_count": 1247,
    "warmup_adjusted_event_count": 37,
    "formal_adjusted_event_count": 350,
    "formal_adjusted_event_rate": 0.34930139720558884,
    "dispatch_count_total": 52559,
    "warmup_dispatch_count": 4463,
    "formal_dispatch_count": 48096,
    "solver_max_eq_residual": 2.7284841053187847e-12,
    "solver_max_ub_violation": 4.3655745685100555e-11,
    "max_tree_nodes": 1,
    "max_scenarios": 9,
    "scenario_weight_sum_max_error": 2.220446049250313e-16,
    "scenario_clip_rate_mean": 0.0,
    "scenario_clip_rate_max": 0.0,
    "terminal_shortfall_binding_event_count": 0,
    "terminal_shortfall_binding_event_rate": 0.0,
    "terminal_shortfall_expected_kwh_mean": 0.0,
    "runtime_seconds": 1444.9077143669128
  },
  "D": {
    "execution_mode": "q2_reserve_feedback",
    "measurement_model": "ideal_piecewise_constant_current_slot",
    "curtail_semantics": "pv_only",
    "grid_import_kwh": 19750328.55474536,
    "unused_contract_kwh": 886122.1052214871,
    "supply_surplus_kwh": 2521998.6708399127,
    "battery_dump_kwh": 0.0,
    "name": "D",
    "use_new_vintage": true,
    "allow_revision": true,
    "scenario_count": 9,
    "disabled_vintage_hours": [],
    "down_settlement": "cancel_settlement",
    "formal_days": 334,
    "total_cost_yuan": 15206579.471935473,
    "regular_cost_yuan": 13267267.312478974,
    "emergency_cost_yuan": 1939312.1594564994,
    "planned_B_kwh": 21072971.170345187,
    "final_A_kwh": 20636519.817508515,
    "down_adjust_kwh": 582004.0443211345,
    "up_adjust_kwh": 145552.6914844619,
    "charge_kwh": 5604912.402962323,
    "discharge_kwh": 5047523.955857091,
    "emergency_kwh": 381890.2496116297,
    "curtail_kwh": 1635876.5656184256,
    "soc_min_kwh": 1200.0,
    "soc_max_kwh": 10800.0,
    "max_soc_continuity_error_kwh": 0.0,
    "event_count_total": 1460,
    "warmup_event_count": 124,
    "formal_event_count": 1336,
    "changed_slot_count_total": 6918,
    "warmup_changed_slot_count": 895,
    "formal_changed_slot_count": 6023,
    "warmup_adjusted_event_count": 69,
    "formal_adjusted_event_count": 682,
    "formal_adjusted_event_rate": 0.6806387225548902,
    "dispatch_count_total": 52559,
    "warmup_dispatch_count": 4463,
    "formal_dispatch_count": 48096,
    "solver_max_eq_residual": 5.4569682106375694e-12,
    "solver_max_ub_violation": 5.820766091346741e-11,
    "max_tree_nodes": 1,
    "max_scenarios": 9,
    "scenario_weight_sum_max_error": 2.220446049250313e-16,
    "scenario_clip_rate_mean": 0.0,
    "scenario_clip_rate_max": 0.0,
    "terminal_shortfall_binding_event_count": 0,
    "terminal_shortfall_binding_event_rate": 0.0,
    "terminal_shortfall_expected_kwh_mean": 0.0,
    "runtime_seconds": 896.520348072052
  },
  "D_point": {
    "execution_mode": "q2_reserve_feedback",
    "measurement_model": "ideal_piecewise_constant_current_slot",
    "curtail_semantics": "pv_only",
    "grid_import_kwh": 19129864.73807798,
    "unused_contract_kwh": 427850.9234979946,
    "supply_surplus_kwh": 1787017.5098632867,
    "battery_dump_kwh": 0.0,
    "name": "D_point",
    "use_new_vintage": true,
    "allow_revision": true,
    "scenario_count": 1,
    "disabled_vintage_hours": [],
    "down_settlement": "cancel_settlement",
    "formal_days": 334,
    "total_cost_yuan": 15717516.347988456,
    "regular_cost_yuan": 12193394.450376673,
    "emergency_cost_yuan": 3524121.8976117815,
    "planned_B_kwh": 19663807.80641727,
    "final_A_kwh": 19557787.312575974,
    "down_adjust_kwh": 583737.5373249551,
    "up_adjust_kwh": 477717.0434836566,
    "charge_kwh": 6177689.009796156,
    "discharge_kwh": 5562225.823465791,
    "emergency_kwh": 783718.8262510103,
    "curtail_kwh": 1359166.5863652923,
    "soc_min_kwh": 1200.0,
    "soc_max_kwh": 10800.0,
    "max_soc_continuity_error_kwh": 0.0,
    "event_count_total": 1460,
    "warmup_event_count": 124,
    "formal_event_count": 1336,
    "changed_slot_count_total": 18395,
    "warmup_changed_slot_count": 1848,
    "formal_changed_slot_count": 16547,
    "warmup_adjusted_event_count": 80,
    "formal_adjusted_event_count": 965,
    "formal_adjusted_event_rate": 0.9630738522954092,
    "dispatch_count_total": 52559,
    "warmup_dispatch_count": 4463,
    "formal_dispatch_count": 48096,
    "solver_max_eq_residual": 1.8189894035458565e-12,
    "solver_max_ub_violation": 2.3305801732931286e-12,
    "max_tree_nodes": 1,
    "max_scenarios": 1,
    "scenario_weight_sum_max_error": 0.0,
    "scenario_clip_rate_mean": 0.0,
    "scenario_clip_rate_max": 0.0,
    "terminal_shortfall_binding_event_count": 0,
    "terminal_shortfall_binding_event_rate": 0.0,
    "terminal_shortfall_expected_kwh_mean": 0.0,
    "runtime_seconds": 351.8697838783264
  },
  "factorial_effects": {
    "realized_forecast_update_effect_B_minus_A": -223847.68316733092,
    "delta_info_cost_B_minus_A": -223847.68316733092,
    "delta_flex_cost_C_minus_A": -765403.6516691148,
    "delta_interaction_cost": 262273.3988436945,
    "info_saving_A_minus_B": 223847.68316733092,
    "flex_saving_A_minus_C": 765403.6516691148,
    "joint_saving_A_minus_D": 726977.9359927513,
    "interaction_saving": -262273.3988436945,
    "interpretation": "annual realized policy effects under a Q2-inherited protocol after structural audit; not theoretical VOI"
  },
  "scenario_comparison": {
    "interpretation": "realized-policy stability comparison only; K=1 is pure point forecast; not theoretical VSS/VOI",
    "D_point_total_cost_yuan": 15717516.347988456,
    "D_total_cost_yuan": 15206579.471935473,
    "D_point_minus_D_realized_cost": 510936.8760529831,
    "D_point_emergency_kwh": 783718.8262510103,
    "D_K9_emergency_kwh": 381890.2496116297
  }
}
