{
  "main_D_total_cost_yuan": 15206579.471935473,
  "sunk_plan_plus_penalty": {
    "name": "D_sunk",
    "mode": "sunk",
    "total_cost_yuan": 15322905.191214416,
    "regular_cost_yuan": 13409925.44868618,
    "emergency_cost_yuan": 1912979.7425282346,
    "emergency_kwh": 376096.12933121726,
    "soc_min_kwh": 1200.0,
    "soc_max_kwh": 10800.0,
    "changed_slot_count_formal": 2250,
    "adjusted_event_count_formal": 270,
    "runtime_seconds": 2049.4816448688507
  },
  "stepwise_revision": {
    "name": "D_stepwise",
    "mode": "stepwise",
    "total_cost_yuan": 15260948.029974323,
    "regular_cost_yuan": 13323184.53004364,
    "emergency_cost_yuan": 1937763.4999306856,
    "emergency_kwh": 381000.7987626878,
    "soc_min_kwh": 1200.0,
    "soc_max_kwh": 10800.0,
    "changed_slot_count_formal": 4629,
    "adjusted_event_count_formal": 623,
    "runtime_seconds": 2049.5082433223724
  },
  "revision_time": {
    "method": "full_year_fixed_policy_repricing_plus_exact_local_MILP",
    "regular_cost_yuan": 13281288.996627692,
    "emergency_cost_yuan": 1939312.1594564996,
    "total_cost_yuan": 15220601.156084191
  },
  "revision_time_exact_milp_audit": [
    {
      "date": "2025-03-20",
      "event_hour": 12,
      "objective": 965.1279141852676,
      "solve_seconds": 0.025551557540893555,
      "nonconvex_delivery_slots": 7,
      "up_branch_slots": 0,
      "down_branch_slots": 18,
      "q_min": -6.954232714549163e-14,
      "q_max": 7.471086330149748e-14,
      "status": "Optimization terminated successfully. (HiGHS Status 7: Optimal)"
    },
    {
      "date": "2025-06-21",
      "event_hour": 12,
      "objective": 0.0,
      "solve_seconds": 0.010002613067626953,
      "nonconvex_delivery_slots": 7,
      "up_branch_slots": 0,
      "down_branch_slots": 18,
      "q_min": 0.0,
      "q_max": 0.0,
      "status": "Optimization terminated successfully. (HiGHS Status 7: Optimal)"
    },
    {
      "date": "2025-09-23",
      "event_hour": 12,
      "objective": 610.4538096897777,
      "solve_seconds": 0.009376764297485352,
      "nonconvex_delivery_slots": 7,
      "up_branch_slots": 1,
      "down_branch_slots": 17,
      "q_min": 0.0,
      "q_max": 0.0,
      "status": "Optimization terminated successfully. (HiGHS Status 7: Optimal)"
    },
    {
      "date": "2025-12-21",
      "event_hour": 12,
      "objective": 1896.6268738037263,
      "solve_seconds": 0.06137490272521973,
      "nonconvex_delivery_slots": 7,
      "up_branch_slots": 0,
      "down_branch_slots": 18,
      "q_min": -2.44083221968683e-13,
      "q_max": 836.5581333333334,
      "status": "Optimization terminated successfully. (HiGHS Status 7: Optimal)"
    }
  ],
  "deltas_vs_main": {
    "sunk": 116325.7192789428,
    "stepwise": 54368.55803884938,
    "revision_time_fixed_policy": 14021.684148717672
  }
}
