{
  "all_pass": true,
  "strategy_count": 11,
  "check_count": 176,
  "pass_count": 176,
  "current_measurement_assumption": "ideal_piecewise_constant_current_slot; not an observed zero-delay sensor claim",
  "contract_scope": "past completed observations and released forecasts only",
  "current_measurement_scope": "lower-level controller only; first horizon entry",
  "legacy": {
    "source_commit": "855713e123e2095c9b31314f955255c9d2416cf7",
    "formal_slots": 48096,
    "supply_surplus_kwh": 8907258.460335463,
    "w_above_pv_slots": 17066,
    "sum_w_excess_above_pv": 3524355.903020582,
    "w_at_zero_pv": 2803054.1595923323,
    "discharge_and_surplus_slots": 7792,
    "sum_positive_pv_minus_load": 3058159.9162,
    "battery_exceeds_all_demand_slots": 655,
    "battery_excess_over_load_kwh": 78638.8615763,
    "judgment": "mixed surplus mislabeled as PV curtailment; physical control repair required; current-measurement availability remains an explicit modeling assumption"
  },
  "strategies": [
    {
      "name": "A",
      "all_pass": true,
      "checks": {
        "all_finite": true,
        "positive_flows": true,
        "physical_balance": true,
        "contract_split": true,
        "import_bound": true,
        "pv_bound": true,
        "no_night_curtail": true,
        "no_battery_dump": true,
        "no_wasted_discharge": true,
        "no_emergency_charge": true,
        "soc_conservation": true,
        "soc_bounds": true,
        "soc_continuity": true,
        "power_bound": true,
        "one_way": true,
        "execution_mode": true
      },
      "slots": 48096,
      "total_cost_yuan": 31904641.11414478,
      "emergency_kwh": 3433796.68523662,
      "pv_curtail_kwh": 2473567.030182313,
      "actual_import_kwh": 17268418.81391819,
      "unused_contract_kwh": 3600810.2462746757,
      "supply_surplus_kwh": 6074377.276456989,
      "battery_dump_kwh": 0.0,
      "max_physical_residual_kwh": 3.410605131648481e-13,
      "run_sha256": "1a477f97c38a28f3a050c9e78976166e45f28a7e1cd26fe3c7886b550da6dc1f"
    },
    {
      "name": "B",
      "all_pass": true,
      "checks": {
        "all_finite": true,
        "positive_flows": true,
        "physical_balance": true,
        "contract_split": true,
        "import_bound": true,
        "pv_bound": true,
        "no_night_curtail": true,
        "no_battery_dump": true,
        "no_wasted_discharge": true,
        "no_emergency_charge": true,
        "soc_conservation": true,
        "soc_bounds": true,
        "soc_continuity": true,
        "power_bound": true,
        "one_way": true,
        "execution_mode": true
      },
      "slots": 48096,
      "total_cost_yuan": 32294150.592298966,
      "emergency_kwh": 3484790.7567004226,
      "pv_curtail_kwh": 2503384.8161867037,
      "actual_import_kwh": 17241643.439431265,
      "unused_contract_kwh": 3625158.915230723,
      "supply_surplus_kwh": 6128543.731417427,
      "battery_dump_kwh": 0.0,
      "max_physical_residual_kwh": 3.410605131648481e-13,
      "run_sha256": "9921eabc1a19a6bc0b4b9ba25bffb24507a95e442b70ada7d8efb5e374fe7eb2"
    },
    {
      "name": "C",
      "all_pass": true,
      "checks": {
        "all_finite": true,
        "positive_flows": true,
        "physical_balance": true,
        "contract_split": true,
        "import_bound": true,
        "pv_bound": true,
        "no_night_curtail": true,
        "no_battery_dump": true,
        "no_wasted_discharge": true,
        "no_emergency_charge": true,
        "soc_conservation": true,
        "soc_bounds": true,
        "soc_continuity": true,
        "power_bound": true,
        "one_way": true,
        "execution_mode": true
      },
      "slots": 48096,
      "total_cost_yuan": 19590852.52772674,
      "emergency_kwh": 128239.14528884066,
      "pv_curtail_kwh": 2465563.7340380326,
      "actual_import_kwh": 20610965.33622585,
      "unused_contract_kwh": 3993188.8134558266,
      "supply_surplus_kwh": 6458752.54749386,
      "battery_dump_kwh": 0.0,
      "max_physical_residual_kwh": 3.410605131648481e-13,
      "run_sha256": "7ea329a580fd8bdefcdebf6e91c0468123b613873f6c87d9fd0921794775440a"
    },
    {
      "name": "D",
      "all_pass": true,
      "checks": {
        "all_finite": true,
        "positive_flows": true,
        "physical_balance": true,
        "contract_split": true,
        "import_bound": true,
        "pv_bound": true,
        "no_night_curtail": true,
        "no_battery_dump": true,
        "no_wasted_discharge": true,
        "no_emergency_charge": true,
        "soc_conservation": true,
        "soc_bounds": true,
        "soc_continuity": true,
        "power_bound": true,
        "one_way": true,
        "execution_mode": true
      },
      "slots": 48096,
      "total_cost_yuan": 20097740.110834062,
      "emergency_kwh": 115464.3119971349,
      "pv_curtail_kwh": 2587280.5924059013,
      "actual_import_kwh": 20706478.806447838,
      "unused_contract_kwh": 3960730.8149105925,
      "supply_surplus_kwh": 6548011.407316495,
      "battery_dump_kwh": 0.0,
      "max_physical_residual_kwh": 3.410605131648481e-13,
      "run_sha256": "1c053844d9cc1d20ab95dd034ab117b2d447f96145f1f44d241a958fe2bc6cab"
    },
    {
      "name": "D_point",
      "all_pass": true,
      "checks": {
        "all_finite": true,
        "positive_flows": true,
        "physical_balance": true,
        "contract_split": true,
        "import_bound": true,
        "pv_bound": true,
        "no_night_curtail": true,
        "no_battery_dump": true,
        "no_wasted_discharge": true,
        "no_emergency_charge": true,
        "soc_conservation": true,
        "soc_bounds": true,
        "soc_continuity": true,
        "power_bound": true,
        "one_way": true,
        "execution_mode": true
      },
      "slots": 48096,
      "total_cost_yuan": 19522924.67358819,
      "emergency_kwh": 241196.72449453123,
      "pv_curtail_kwh": 2491455.223043056,
      "actual_import_kwh": 20528327.491586313,
      "unused_contract_kwh": 3307190.8844333803,
      "supply_surplus_kwh": 5798646.1074764365,
      "battery_dump_kwh": 0.0,
      "max_physical_residual_kwh": 3.410605131648481e-13,
      "run_sha256": "068a96bc55a82a7db439ee0a962789adee7368aaec27224103c26b0542fa3e50"
    },
    {
      "name": "D_no6",
      "all_pass": true,
      "checks": {
        "all_finite": true,
        "positive_flows": true,
        "physical_balance": true,
        "contract_split": true,
        "import_bound": true,
        "pv_bound": true,
        "no_night_curtail": true,
        "no_battery_dump": true,
        "no_wasted_discharge": true,
        "no_emergency_charge": true,
        "soc_conservation": true,
        "soc_bounds": true,
        "soc_continuity": true,
        "power_bound": true,
        "one_way": true,
        "execution_mode": true
      },
      "slots": 48096,
      "total_cost_yuan": 19981152.824415416,
      "emergency_kwh": 126540.50088008573,
      "pv_curtail_kwh": 2567923.1772813657,
      "actual_import_kwh": 20684432.821232535,
      "unused_contract_kwh": 3878126.9406042965,
      "supply_surplus_kwh": 6446050.117885662,
      "battery_dump_kwh": 0.0,
      "max_physical_residual_kwh": 3.410605131648481e-13,
      "run_sha256": "a66233411776a8293236fa11c2558644fa6b4abb4695a3b51ef044aa2e54becb"
    },
    {
      "name": "D_no12",
      "all_pass": true,
      "checks": {
        "all_finite": true,
        "positive_flows": true,
        "physical_balance": true,
        "contract_split": true,
        "import_bound": true,
        "pv_bound": true,
        "no_night_curtail": true,
        "no_battery_dump": true,
        "no_wasted_discharge": true,
        "no_emergency_charge": true,
        "soc_conservation": true,
        "soc_bounds": true,
        "soc_continuity": true,
        "power_bound": true,
        "one_way": true,
        "execution_mode": true
      },
      "slots": 48096,
      "total_cost_yuan": 19796047.737347953,
      "emergency_kwh": 119537.22724793672,
      "pv_curtail_kwh": 2522110.2732687322,
      "actual_import_kwh": 20659834.478982545,
      "unused_contract_kwh": 3910868.9207591927,
      "supply_surplus_kwh": 6432979.194027925,
      "battery_dump_kwh": 0.0,
      "max_physical_residual_kwh": 3.410605131648481e-13,
      "run_sha256": "8a39a90d5f283a8a02f9a5e58e9a010cf7dbfb8d211d70455d634b24a1d46b48"
    },
    {
      "name": "D_no18",
      "all_pass": true,
      "checks": {
        "all_finite": true,
        "positive_flows": true,
        "physical_balance": true,
        "contract_split": true,
        "import_bound": true,
        "pv_bound": true,
        "no_night_curtail": true,
        "no_battery_dump": true,
        "no_wasted_discharge": true,
        "no_emergency_charge": true,
        "soc_conservation": true,
        "soc_bounds": true,
        "soc_continuity": true,
        "power_bound": true,
        "one_way": true,
        "execution_mode": true
      },
      "slots": 48096,
      "total_cost_yuan": 20112373.10717541,
      "emergency_kwh": 116449.388840647,
      "pv_curtail_kwh": 2587319.653547173,
      "actual_import_kwh": 20704922.811358474,
      "unused_contract_kwh": 3987963.356420644,
      "supply_surplus_kwh": 6575283.009967817,
      "battery_dump_kwh": 0.0,
      "max_physical_residual_kwh": 3.410605131648481e-13,
      "run_sha256": "dbdb36a793cd7058bdc87ff33dec4815596b014a52adb9a8b12f25357428b92f"
    },
    {
      "name": "D_K5",
      "all_pass": true,
      "checks": {
        "all_finite": true,
        "positive_flows": true,
        "physical_balance": true,
        "contract_split": true,
        "import_bound": true,
        "pv_bound": true,
        "no_night_curtail": true,
        "no_battery_dump": true,
        "no_wasted_discharge": true,
        "no_emergency_charge": true,
        "soc_conservation": true,
        "soc_bounds": true,
        "soc_continuity": true,
        "power_bound": true,
        "one_way": true,
        "execution_mode": true
      },
      "slots": 48096,
      "total_cost_yuan": 20038610.354367234,
      "emergency_kwh": 134000.67633552398,
      "pv_curtail_kwh": 2595630.4764261553,
      "actual_import_kwh": 20693187.461154778,
      "unused_contract_kwh": 3965913.9568906976,
      "supply_surplus_kwh": 6561544.433316853,
      "battery_dump_kwh": 0.0,
      "max_physical_residual_kwh": 3.410605131648481e-13,
      "run_sha256": "88579c3e5d88d05d2719ebb1ece0912ce7c5fd64249359db1bd1674e4e166f27"
    },
    {
      "name": "D_sunk",
      "all_pass": true,
      "checks": {
        "all_finite": true,
        "positive_flows": true,
        "physical_balance": true,
        "contract_split": true,
        "import_bound": true,
        "pv_bound": true,
        "no_night_curtail": true,
        "no_battery_dump": true,
        "no_wasted_discharge": true,
        "no_emergency_charge": true,
        "soc_conservation": true,
        "soc_bounds": true,
        "soc_continuity": true,
        "power_bound": true,
        "one_way": true,
        "execution_mode": true
      },
      "slots": 48096,
      "total_cost_yuan": 19887258.03952366,
      "emergency_kwh": 116392.45410559856,
      "pv_curtail_kwh": 2564701.01678441,
      "actual_import_kwh": 20696013.105173606,
      "unused_contract_kwh": 3914449.7742871055,
      "supply_surplus_kwh": 6479150.791071516,
      "battery_dump_kwh": 0.0,
      "max_physical_residual_kwh": 3.410605131648481e-13,
      "run_sha256": "35275951436c7bcb2b448f524fdfeb7eb97cf1cc6108375b48cda8992621978e"
    },
    {
      "name": "D_stepwise",
      "all_pass": true,
      "checks": {
        "all_finite": true,
        "positive_flows": true,
        "physical_balance": true,
        "contract_split": true,
        "import_bound": true,
        "pv_bound": true,
        "no_night_curtail": true,
        "no_battery_dump": true,
        "no_wasted_discharge": true,
        "no_emergency_charge": true,
        "soc_conservation": true,
        "soc_bounds": true,
        "soc_continuity": true,
        "power_bound": true,
        "one_way": true,
        "execution_mode": true
      },
      "slots": 48096,
      "total_cost_yuan": 20146384.833388995,
      "emergency_kwh": 116393.00625387205,
      "pv_curtail_kwh": 2583970.3773922226,
      "actual_import_kwh": 20701811.67074938,
      "unused_contract_kwh": 3960509.096354123,
      "supply_surplus_kwh": 6544479.473746346,
      "battery_dump_kwh": 0.0,
      "max_physical_residual_kwh": 3.410605131648481e-13,
      "run_sha256": "11bdc958e937c4665387bc9706c78d51bad7b5616129bb1b346fb57c5a4ecdda"
    }
  ]
}
