{
  "all_pass": true,
  "checks": {
    "forecast_vintage_absolute_target_alignment": "PASS",
    "event_information_cutoff": "PASS",
    "contract_frozen_prefixes": "PASS",
    "factorial_A_contract_frozen": "PASS",
    "factorial_B_contract_frozen": "PASS",
    "soc_continuity": "PASS",
    "soc_bounds": "PASS",
    "soc_conservation": "PASS",
    "charge_discharge_power": "PASS",
    "no_simultaneous_charge_discharge": "PASS",
    "physical_energy_balance": "PASS",
    "actual_import_within_contract": "PASS",
    "contract_import_unused_identity": "PASS",
    "pv_curtailment_source_bound": "PASS",
    "no_pv_curtailment_without_pv": "PASS",
    "no_battery_dump": "PASS",
    "no_discharge_while_supply_surplus": "PASS",
    "no_emergency_funded_charging": "PASS",
    "surplus_source_identity": "PASS",
    "solver_residuals": "PASS",
    "cross_day_continuation_no_clairvoyance": "PASS",
    "scenario_weights_sum_to_one": "PASS",
    "scenario_clipping_rate_reported": "PASS",
    "terminal_penalty_binding_rate_reported": "PASS",
    "warmup_formal_event_counts": "PASS",
    "revision_statistics_explicit": "PASS",
    "deterministic_baseline_is_point_forecast": "PASS",
    "representative_scenario_weights_normalized": "PASS",
    "future_perturbation_contract_invariance": "PASS",
    "nominal_forecast_dispatch_future_actual_invariance": "PASS",
    "revision_log_legal_only": "PASS",
    "settlement_extreme_cases": "PASS",
    "result3_contract_readback": "PASS",
    "result3_physical_readback": "PASS",
    "natural_day_bridge": "PASS",
    "five_ledger_total": "PASS"
  },
  "evidence": {
    "forecast_vintage_absolute_target_alignment": {
      "rows": 26262,
      "example": [
        "2025-01-01 00:00:00",
        "2025-01-01 06:00:00",
        "2025-01-01 07:00:00",
        "7",
        "1"
      ]
    },
    "event_information_cutoff": {
      "events": 1460,
      "scenario_error_rule": "day<=d-2"
    },
    "contract_frozen_prefixes": {
      "max_error_kwh": 0.0,
      "starts": {
        "0": 0,
        "6": 35,
        "12": 71,
        "18": 107
      }
    },
    "factorial_A_contract_frozen": {
      "max_B_A_error": 0.0
    },
    "factorial_B_contract_frozen": {
      "max_B_A_error": 0.0
    },
    "soc_continuity": {
      "max_error_kwh": 0.0
    },
    "soc_bounds": {
      "min": 1200.0,
      "max": 10800.0
    },
    "soc_conservation": {
      "max_residual_kwh": 9.094947017729282e-13
    },
    "charge_discharge_power": {
      "max_interval_energy_kwh": 833.3333333333333,
      "limit": 833.3333333333333
    },
    "no_simultaneous_charge_discharge": {
      "max_min_xy": 0.0
    },
    "physical_energy_balance": {
      "max_physical_residual_kwh": 2.2737367544323206e-13
    },
    "actual_import_within_contract": {
      "max_excess_kwh": 0.0
    },
    "contract_import_unused_identity": {
      "max_residual_kwh": 2.2737367544323206e-13
    },
    "pv_curtailment_source_bound": {
      "max_curtail_minus_pv_kwh": 0.0
    },
    "no_pv_curtailment_without_pv": {
      "night_curtail_kwh": 0.0
    },
    "no_battery_dump": {
      "battery_dump_kwh": 0.0
    },
    "no_discharge_while_supply_surplus": {
      "violating_slots": 0
    },
    "no_emergency_funded_charging": {
      "violating_slots": 0
    },
    "surplus_source_identity": {
      "max_residual_kwh": 1.1368683772161603e-13
    },
    "solver_residuals": {
      "max_eq": 5.4569682106375694e-12,
      "max_ub": 5.820766091346741e-11
    },
    "cross_day_continuation_no_clairvoyance": {
      "bad_count": 0,
      "terminal_expected": "day+2 00:10; day+1 continuation is Q2 valuation only",
      "sample": []
    },
    "scenario_weights_sum_to_one": {
      "max_error": 2.220446049250313e-16
    },
    "scenario_clipping_rate_reported": {
      "mean": 0.0,
      "max": 0.0
    },
    "terminal_penalty_binding_rate_reported": {
      "event_binding_rate": 0.0,
      "binding_events": 0,
      "events": 1460
    },
    "warmup_formal_event_counts": {
      "total": 1460,
      "warmup": 124,
      "formal": 1336
    },
    "revision_statistics_explicit": {
      "changed_slots_total": 6918,
      "warmup_changed_slots": 895,
      "formal_changed_slots": 6023,
      "formal_adjusted_events": 682,
      "formal_adjusted_event_rate": 0.6806387225548902
    },
    "deterministic_baseline_is_point_forecast": {
      "samples": 16,
      "max_error_kwh": 0.0
    },
    "representative_scenario_weights_normalized": {
      "samples": 16,
      "max_error": 0.0
    },
    "future_perturbation_contract_invariance": {
      "samples": 16,
      "max_change": 0.0
    },
    "nominal_forecast_dispatch_future_actual_invariance": {
      "samples": 12,
      "max_action_change": 0.0
    },
    "revision_log_legal_only": {
      "rows": 6918,
      "illegal": 0
    },
    "settlement_extreme_cases": {
      "main_100_to_80": 90.0,
      "sunk": 110.0,
      "equal": 100.0,
      "A0": 50.0,
      "B0_A100": 150.0
    },
    "result3_contract_readback": {
      "max_B": 4.547473508864641e-13,
      "max_A": 4.547473508864641e-13,
      "max_daily_sum": 2.9103830456733704e-11,
      "max_fee": 7.275957614183426e-12
    },
    "result3_physical_readback": {
      "charge_rows": 2005,
      "emergency_rows": 990,
      "charge_diff": -1.210719347000122e-08,
      "discharge_diff": -1.862645149230957e-09,
      "emergency_diff": -2.3283064365386963e-10
    },
    "natural_day_bridge": {
      "natural_regular": 13267267.312478974,
      "plan_day_regular": 13267296.88424379,
      "bridge": -29.571764816666672
    },
    "five_ledger_total": {
      "ledger_total": 15206579.471935436,
      "metrics_total": 15206579.471935473
    }
  },
  "pass_count": 36,
  "check_count": 36
}
