RUN D_stepwise
[D_stepwise] 1/365 2025-01-01 SOC=6000.0->5771.7 B=85771.6 A=107908.0 emg=9164.1
[D_stepwise] 32/365 2025-02-01 SOC=1633.3->1306.2 B=40645.3 A=55240.6 emg=307.4
[D_stepwise] 63/365 2025-03-04 SOC=1203.0->1200.0 B=73144.4 A=84601.5 emg=124.3
[D_stepwise] 94/365 2025-04-04 SOC=1487.6->1632.5 B=26749.2 A=32930.4 emg=64.2
[D_stepwise] 125/365 2025-05-05 SOC=1200.0->1200.0 B=54394.4 A=74166.0 emg=589.3
[D_stepwise] 156/365 2025-06-05 SOC=1200.0->1200.0 B=64926.6 A=87141.9 emg=200.0
[D_stepwise] 187/365 2025-07-06 SOC=1200.0->1200.0 B=61739.4 A=94177.3 emg=1745.5
[D_stepwise] 218/365 2025-08-06 SOC=1921.9->1389.1 B=72987.8 A=87394.5 emg=869.1
[D_stepwise] 249/365 2025-09-06 SOC=1824.0->2963.6 B=39114.3 A=41667.7 emg=27.2
[D_stepwise] 280/365 2025-10-07 SOC=2326.4->2653.5 B=59995.8 A=77145.7 emg=136.4
[D_stepwise] 311/365 2025-11-07 SOC=1201.3->1503.0 B=32367.2 A=46927.3 emg=236.0
[D_stepwise] 342/365 2025-12-08 SOC=1209.2->1332.5 B=94447.1 A=106329.1 emg=0.0
[D_stepwise] 365/365 2025-12-31 SOC=1251.5->1325.5 B=92413.3 A=107640.9 emg=28.1
{
  "name": "D_stepwise",
  "mode": "stepwise",
  "total_cost_yuan": 20146384.833388995,
  "regular_cost_yuan": 19644656.284171622,
  "emergency_cost_yuan": 501728.5492173733,
  "emergency_kwh": 116393.00625387205,
  "soc_min_kwh": 1200.0,
  "soc_max_kwh": 10768.97846848463,
  "changed_slot_count_formal": 17746,
  "adjusted_event_count_formal": 998,
  "runtime_seconds": 139.06084513664246
}
