RUN D_sunk
[D_sunk] 1/365 2025-01-01 SOC=6000.0->3789.9 B=85771.6 A=111295.3 emg=9088.5
[D_sunk] 32/365 2025-02-01 SOC=1631.4->1272.2 B=40251.4 A=55470.3 emg=297.6
[D_sunk] 63/365 2025-03-04 SOC=1223.9->1200.0 B=70073.7 A=84530.4 emg=137.6
[D_sunk] 94/365 2025-04-04 SOC=1453.7->1586.7 B=26674.7 A=32886.8 emg=64.2
[D_sunk] 125/365 2025-05-05 SOC=1200.0->1200.0 B=53886.6 A=74229.6 emg=589.2
[D_sunk] 156/365 2025-06-05 SOC=1200.0->1200.0 B=60139.5 A=86781.9 emg=200.0
[D_sunk] 187/365 2025-07-06 SOC=1200.0->1200.0 B=60196.2 A=94221.7 emg=1782.6
[D_sunk] 218/365 2025-08-06 SOC=1846.8->1424.3 B=72442.5 A=88540.9 emg=938.1
[D_sunk] 249/365 2025-09-06 SOC=1717.0->2716.2 B=38574.9 A=41826.1 emg=27.2
[D_sunk] 280/365 2025-10-07 SOC=2166.5->2764.7 B=59565.8 A=77494.5 emg=187.9
[D_sunk] 311/365 2025-11-07 SOC=1200.0->1514.7 B=32108.0 A=46764.8 emg=283.9
[D_sunk] 342/365 2025-12-08 SOC=1209.2->1340.9 B=92591.1 A=105234.8 emg=0.0
[D_sunk] 365/365 2025-12-31 SOC=1258.3->1322.2 B=91326.5 A=104687.6 emg=28.1
{
  "name": "D_sunk",
  "mode": "sunk",
  "total_cost_yuan": 19887258.03952366,
  "regular_cost_yuan": 19388572.58535188,
  "emergency_cost_yuan": 498685.4541717798,
  "emergency_kwh": 116392.45410559856,
  "soc_min_kwh": 1200.0,
  "soc_max_kwh": 10747.416456085572,
  "changed_slot_count_formal": 37304,
  "adjusted_event_count_formal": 1002,
  "runtime_seconds": 141.93912720680237
}
